---
source: src/tokenizer/setext_heading.rs
expression: results

---
- size: 9
  token:
    SetextHeading:
      level: 1
      raw: "========="
- size: 9
  token:
    SetextHeading:
      level: 2
      raw: "---------"
- ~
- size: 10
  token:
    SetextHeading:
      level: 2
      raw: "----      "

