---
source: src/lexer.rs
expression: tokenizes(cases)

---
- Ok:
    blocks:
      - Leaf:
          Heading:
            level: 1
            inlines:
              - Text: "123"
- Ok:
    blocks:
      - Leaf:
          Heading:
            level: 6
            inlines:
              - Text: "123"
- Ok:
    blocks:
      - Leaf:
          Paragraph:
            inlines:
              - Text: "#123"
- Ok:
    blocks:
      - Leaf:
          Paragraph:
            inlines:
              - Text: "####### 123"
- Ok:
    blocks:
      - Leaf:
          Heading:
            level: 4
            inlines:
              - Text: "123#"
- Ok:
    blocks:
      - Leaf:
          Heading:
            level: 4
            inlines:
              - Text: "123"
- Ok:
    blocks:
      - Leaf:
          Heading:
            level: 4
            inlines:
              - Text: "123"

