---
source: src/lexer.rs
expression: results

---
- Ok:
    blocks:
      - SCode: abc
- Ok:
    blocks:
      - SCode: "<div></div>"
- Ok:
    blocks:
      - MCode:
          code: code
          language: ""
          metastring: ""
- Ok:
    blocks:
      - MCode:
          code: let a = 11;
          language: jsx
          metastring: ""
- Ok:
    blocks:
      - MCode:
          code: let a = 11;
          language: jsx
          metastring: meta

