---
source: src/lexer.rs
expression: results

---
- Ok:
    blocks:
      - SCode: abc
- Ok:
    blocks:
      - SCode: "<div></div>"
- Ok:
    blocks:
      - MCode:
          code: code
          language: ""
          metastring: ""
- Ok:
    blocks:
      - MCode:
          code: let a = 11;
          language: jsx
          metastring: ""
- Ok:
    blocks:
      - MCode:
          code: let a = 11;
          language: jsx
          metastring: meta
- Ok:
    blocks:
      - Heading:
          level: 1
          content:
            - Text: "123"
- Ok:
    blocks:
      - Heading:
          level: 6
          content:
            - Text: "123"
- Ok:
    blocks:
      - Paragraph:
          content:
            - Text: "#123"
- Ok:
    blocks:
      - Paragraph:
          content:
            - Text: "####### 123"
- Ok:
    blocks:
      - Heading:
          level: 4
          content:
            - Text: "123"
      - MCode:
          code: code
          language: ""
          metastring: ""

