---
source: src/lexer_test.rs
expression: tokenizes(cases)

---
- Ok:
    blocks:
      - Leaf:
          FencedCode:
            code: code
            language: ""
            metastring: ""
- Ok:
    blocks:
      - Leaf:
          FencedCode:
            code: let a = 11;
            language: jsx
            metastring: ""
- Ok:
    blocks:
      - Leaf:
          FencedCode:
            code: let a = 11;
            language: jsx
            metastring: meta

